// Jest Snapshot v1, https://goo.gl/fbAQLP

exports[`DashboardRoute renders the complete page 1`] = `
<div
  className="new-entry-page"
>
  <div
    className="ne-title ne-title-top"
  >
    <h2>
      Sat Jun 22
    </h2>
    <h3>
      New Entry
    </h3>
  </div>
  <CloudinaryWidget
    updateFaceData={[Function]}
    updateFaceUrl={[Function]}
  />
  <moodSelector
    handleClick={[Function]}
  />
  <form
    className="entry_form left"
    onSubmit={[Function]}
    value=""
  >
    <div
      className="ne-title ta"
    >
      <h3>
        How's it going? What's on your mind?
      </h3>
    </div>
    <textarea
      className="entry_area"
      maxLength="5000"
      onChange={[Function]}
    />
    <footer>
      <Link
        to="/"
      >
        CANCEL
      </Link>
      <button
        className="ne-submit"
        disabled={true}
        id="ne-submit"
        type="submit"
      >
        SUBMIT
      </button>
    </footer>
  </form>
</div>
`;
