// Jest Snapshot v1, https://goo.gl/fbAQLP

exports[`DashboardRoute renders the complete page 1`] = `
<div>
  <div
    className="entry-charts-dashboard-container"
  >
    <div
      className="chart-instructions"
    >
      <p>
        Here you will see data related to your mood. Try clicking "Add New Entry" below to see new data.
      </p>
    </div>
  </div>
  <ul
    className="past-entries"
  >
    <li>
      <Link
        className="new-entry-button"
        to="/new"
      >
        <h3>
          + Add New Entry
        </h3>
      </Link>
    </li>
    <li>
      (... no entries yet!)
    </li>
  </ul>
</div>
`;
